Acer@DESKTOP-LGIT6HG MINGW64 ~
$ cd F:/xampp/htdocs/webtech

Acer@DESKTOP-LGIT6HG MINGW64 /f/xampp/htdocs/webtech (main)
$ git status
On branch main
Your branch is up to date with 'origin/main'.

Untracked files:
  (use "git add <file>..." to include in what will be committed)
        sample.txt

nothing added to commit but untracked files present (use "git add" to track)

Acer@DESKTOP-LGIT6HG MINGW64 /f/xampp/htdocs/webtech (main)
$ git add sample.txt

Acer@DESKTOP-LGIT6HG MINGW64 /f/xampp/htdocs/webtech (main)
$ git commit -m "sample"
[main 64df77d] sample
 1 file changed, 0 insertions(+), 0 deletions(-)
 create mode 100644 sample.txt

Acer@DESKTOP-LGIT6HG MINGW64 /f/xampp/htdocs/webtech (main)
$ git push -u origin main
Enumerating objects: 4, done.
Counting objects: 100% (4/4), done.
Delta compression using up to 8 threads
Compressing objects: 100% (2/2), done.
Writing objects: 100% (3/3), 264 bytes | 132.00 KiB/s, done.
Total 3 (delta 1), reused 0 (delta 0), pack-reused 0 (from 0)
remote: Resolving deltas: 100% (1/1), completed with 1 local object.
To https://github.com/islamsamira/webtech.git
   56a172c..64df77d  main -> main
branch 'main' set up to track 'origin/main'.

